// Jest Snapshot v1, https://goo.gl/fbAQLP

exports[`prikazuje formu za promjenu termina 1`] = `
ShallowWrapper {
  Symbol(enzyme.__root__): [Circular],
  Symbol(enzyme.__unrendered__): <AdminPromjenaTermina />,
  Symbol(enzyme.__renderer__): Object {
    "batchedUpdates": [Function],
    "checkPropTypes": [Function],
    "getNode": [Function],
    "render": [Function],
    "simulateError": [Function],
    "simulateEvent": [Function],
    "unmount": [Function],
  },
  Symbol(enzyme.__node__): Object {
    "instance": null,
    "key": undefined,
    "nodeType": "host",
    "props": Object {
      "children": Array [
        <header
          className="App-header"
        >
          <h1>
             Odabir osoblja i promjena termina nastave.
          </h1>
        </header>,
        <div
          id="pon"
        >
          <h1>
            Odaberite člana osoblja
          </h1>
        </div>,
        <select
          id="sviprofesori"
        >
          <option
            value="Novica Nosovic"
          >
            Novica Nosovic
          </option>
        </select>,
        <div
          id="uto"
        >
          <h1>
            Odaberite termin za brisanje
          </h1>
        </div>,
        <select
          id="terminijednogprofesora"
        >
          <option
            value="Srijeda, 18:00"
          >
            Srijeda, 18:00
          </option>
        </select>,
        <button
          className="App-edit"
          id="b1"
        >
          <h2>
            Obrišite termin
          </h2>
        </button>,
        <button
          id="nazad"
        >
          <h1>
            Nazad
          </h1>
        </button>,
      ],
      "className": "App",
    },
    "ref": null,
    "rendered": Array [
      Object {
        "instance": null,
        "key": undefined,
        "nodeType": "host",
        "props": Object {
          "children": <h1>
             Odabir osoblja i promjena termina nastave.
          </h1>,
          "className": "App-header",
        },
        "ref": null,
        "rendered": Object {
          "instance": null,
          "key": undefined,
          "nodeType": "host",
          "props": Object {
            "children": " Odabir osoblja i promjena termina nastave.",
          },
          "ref": null,
          "rendered": " Odabir osoblja i promjena termina nastave.",
          "type": "h1",
        },
        "type": "header",
      },
      Object {
        "instance": null,
        "key": undefined,
        "nodeType": "host",
        "props": Object {
          "children": <h1>
            Odaberite člana osoblja
          </h1>,
          "id": "pon",
        },
        "ref": null,
        "rendered": Object {
          "instance": null,
          "key": undefined,
          "nodeType": "host",
          "props": Object {
            "children": "Odaberite člana osoblja",
          },
          "ref": null,
          "rendered": "Odaberite člana osoblja",
          "type": "h1",
        },
        "type": "div",
      },
      Object {
        "instance": null,
        "key": undefined,
        "nodeType": "host",
        "props": Object {
          "children": <option
            value="Novica Nosovic"
          >
            Novica Nosovic
          </option>,
          "id": "sviprofesori",
        },
        "ref": null,
        "rendered": Object {
          "instance": null,
          "key": undefined,
          "nodeType": "host",
          "props": Object {
            "children": "Novica Nosovic",
            "value": "Novica Nosovic",
          },
          "ref": null,
          "rendered": "Novica Nosovic",
          "type": "option",
        },
        "type": "select",
      },
      Object {
        "instance": null,
        "key": undefined,
        "nodeType": "host",
        "props": Object {
          "children": <h1>
            Odaberite termin za brisanje
          </h1>,
          "id": "uto",
        },
        "ref": null,
        "rendered": Object {
          "instance": null,
          "key": undefined,
          "nodeType": "host",
          "props": Object {
            "children": "Odaberite termin za brisanje",
          },
          "ref": null,
          "rendered": "Odaberite termin za brisanje",
          "type": "h1",
        },
        "type": "div",
      },
      Object {
        "instance": null,
        "key": undefined,
        "nodeType": "host",
        "props": Object {
          "children": <option
            value="Srijeda, 18:00"
          >
            Srijeda, 18:00
          </option>,
          "id": "terminijednogprofesora",
        },
        "ref": null,
        "rendered": Object {
          "instance": null,
          "key": undefined,
          "nodeType": "host",
          "props": Object {
            "children": "Srijeda, 18:00",
            "value": "Srijeda, 18:00",
          },
          "ref": null,
          "rendered": "Srijeda, 18:00",
          "type": "option",
        },
        "type": "select",
      },
      Object {
        "instance": null,
        "key": undefined,
        "nodeType": "host",
        "props": Object {
          "children": <h2>
            Obrišite termin
          </h2>,
          "className": "App-edit",
          "id": "b1",
        },
        "ref": null,
        "rendered": Object {
          "instance": null,
          "key": undefined,
          "nodeType": "host",
          "props": Object {
            "children": "Obrišite termin",
          },
          "ref": null,
          "rendered": "Obrišite termin",
          "type": "h2",
        },
        "type": "button",
      },
      Object {
        "instance": null,
        "key": undefined,
        "nodeType": "host",
        "props": Object {
          "children": <h1>
            Nazad
          </h1>,
          "id": "nazad",
        },
        "ref": null,
        "rendered": Object {
          "instance": null,
          "key": undefined,
          "nodeType": "host",
          "props": Object {
            "children": "Nazad",
          },
          "ref": null,
          "rendered": "Nazad",
          "type": "h1",
        },
        "type": "button",
      },
    ],
    "type": "div",
  },
  Symbol(enzyme.__nodes__): Array [
    Object {
      "instance": null,
      "key": undefined,
      "nodeType": "host",
      "props": Object {
        "children": Array [
          <header
            className="App-header"
          >
            <h1>
               Odabir osoblja i promjena termina nastave.
            </h1>
          </header>,
          <div
            id="pon"
          >
            <h1>
              Odaberite člana osoblja
            </h1>
          </div>,
          <select
            id="sviprofesori"
          >
            <option
              value="Novica Nosovic"
            >
              Novica Nosovic
            </option>
          </select>,
          <div
            id="uto"
          >
            <h1>
              Odaberite termin za brisanje
            </h1>
          </div>,
          <select
            id="terminijednogprofesora"
          >
            <option
              value="Srijeda, 18:00"
            >
              Srijeda, 18:00
            </option>
          </select>,
          <button
            className="App-edit"
            id="b1"
          >
            <h2>
              Obrišite termin
            </h2>
          </button>,
          <button
            id="nazad"
          >
            <h1>
              Nazad
            </h1>
          </button>,
        ],
        "className": "App",
      },
      "ref": null,
      "rendered": Array [
        Object {
          "instance": null,
          "key": undefined,
          "nodeType": "host",
          "props": Object {
            "children": <h1>
               Odabir osoblja i promjena termina nastave.
            </h1>,
            "className": "App-header",
          },
          "ref": null,
          "rendered": Object {
            "instance": null,
            "key": undefined,
            "nodeType": "host",
            "props": Object {
              "children": " Odabir osoblja i promjena termina nastave.",
            },
            "ref": null,
            "rendered": " Odabir osoblja i promjena termina nastave.",
            "type": "h1",
          },
          "type": "header",
        },
        Object {
          "instance": null,
          "key": undefined,
          "nodeType": "host",
          "props": Object {
            "children": <h1>
              Odaberite člana osoblja
            </h1>,
            "id": "pon",
          },
          "ref": null,
          "rendered": Object {
            "instance": null,
            "key": undefined,
            "nodeType": "host",
            "props": Object {
              "children": "Odaberite člana osoblja",
            },
            "ref": null,
            "rendered": "Odaberite člana osoblja",
            "type": "h1",
          },
          "type": "div",
        },
        Object {
          "instance": null,
          "key": undefined,
          "nodeType": "host",
          "props": Object {
            "children": <option
              value="Novica Nosovic"
            >
              Novica Nosovic
            </option>,
            "id": "sviprofesori",
          },
          "ref": null,
          "rendered": Object {
            "instance": null,
            "key": undefined,
            "nodeType": "host",
            "props": Object {
              "children": "Novica Nosovic",
              "value": "Novica Nosovic",
            },
            "ref": null,
            "rendered": "Novica Nosovic",
            "type": "option",
          },
          "type": "select",
        },
        Object {
          "instance": null,
          "key": undefined,
          "nodeType": "host",
          "props": Object {
            "children": <h1>
              Odaberite termin za brisanje
            </h1>,
            "id": "uto",
          },
          "ref": null,
          "rendered": Object {
            "instance": null,
            "key": undefined,
            "nodeType": "host",
            "props": Object {
              "children": "Odaberite termin za brisanje",
            },
            "ref": null,
            "rendered": "Odaberite termin za brisanje",
            "type": "h1",
          },
          "type": "div",
        },
        Object {
          "instance": null,
          "key": undefined,
          "nodeType": "host",
          "props": Object {
            "children": <option
              value="Srijeda, 18:00"
            >
              Srijeda, 18:00
            </option>,
            "id": "terminijednogprofesora",
          },
          "ref": null,
          "rendered": Object {
            "instance": null,
            "key": undefined,
            "nodeType": "host",
            "props": Object {
              "children": "Srijeda, 18:00",
              "value": "Srijeda, 18:00",
            },
            "ref": null,
            "rendered": "Srijeda, 18:00",
            "type": "option",
          },
          "type": "select",
        },
        Object {
          "instance": null,
          "key": undefined,
          "nodeType": "host",
          "props": Object {
            "children": <h2>
              Obrišite termin
            </h2>,
            "className": "App-edit",
            "id": "b1",
          },
          "ref": null,
          "rendered": Object {
            "instance": null,
            "key": undefined,
            "nodeType": "host",
            "props": Object {
              "children": "Obrišite termin",
            },
            "ref": null,
            "rendered": "Obrišite termin",
            "type": "h2",
          },
          "type": "button",
        },
        Object {
          "instance": null,
          "key": undefined,
          "nodeType": "host",
          "props": Object {
            "children": <h1>
              Nazad
            </h1>,
            "id": "nazad",
          },
          "ref": null,
          "rendered": Object {
            "instance": null,
            "key": undefined,
            "nodeType": "host",
            "props": Object {
              "children": "Nazad",
            },
            "ref": null,
            "rendered": "Nazad",
            "type": "h1",
          },
          "type": "button",
        },
      ],
      "type": "div",
    },
  ],
  Symbol(enzyme.__options__): Object {
    "adapter": ReactSixteenAdapter {
      "options": Object {
        "enableComponentDidUpdateOnSetState": true,
        "legacyContextMode": "parent",
        "lifecycles": Object {
          "componentDidUpdate": Object {
            "onSetState": true,
          },
          "getChildContext": Object {
            "calledByRenderer": false,
          },
          "getDerivedStateFromError": true,
          "getDerivedStateFromProps": Object {
            "hasShouldComponentUpdateBug": false,
          },
          "getSnapshotBeforeUpdate": true,
          "setState": Object {
            "skipsComponentDidUpdateOnNullish": true,
          },
        },
      },
    },
  },
  Symbol(enzyme.__childContext__): null,
}
`;
